
Allocating common symbols
Common symbol       size              file

x                   0x4               ..\obj\main.o
bot_id              0x4               ..\obj\main.o
pulse_l             0x4               ..\obj\main.o
pwm                 0x4               ..\obj\main.o
duty                0x4               ..\obj\main.o

Discarded input sections

 .text          0x00000000        0x0 ..\obj\stm32f4xx_usart.o
 .data          0x00000000        0x0 ..\obj\stm32f4xx_usart.o
 .bss           0x00000000        0x0 ..\obj\stm32f4xx_usart.o
 .text.USART_DeInit
                0x00000000       0xd0 ..\obj\stm32f4xx_usart.o
 .text.USART_StructInit
                0x00000000       0x38 ..\obj\stm32f4xx_usart.o
 .text.USART_ClockInit
                0x00000000       0x54 ..\obj\stm32f4xx_usart.o
 .text.USART_ClockStructInit
                0x00000000       0x2c ..\obj\stm32f4xx_usart.o
 .text.USART_SetPrescaler
                0x00000000       0x38 ..\obj\stm32f4xx_usart.o
 .text.USART_OverSampling8Cmd
                0x00000000       0x44 ..\obj\stm32f4xx_usart.o
 .text.USART_OneBitMethodCmd
                0x00000000       0x40 ..\obj\stm32f4xx_usart.o
 .text.USART_SendData
                0x00000000       0x24 ..\obj\stm32f4xx_usart.o
 .text.USART_SetAddress
                0x00000000       0x38 ..\obj\stm32f4xx_usart.o
 .text.USART_ReceiverWakeUpCmd
                0x00000000       0x40 ..\obj\stm32f4xx_usart.o
 .text.USART_WakeUpConfig
                0x00000000       0x38 ..\obj\stm32f4xx_usart.o
 .text.USART_LINBreakDetectLengthConfig
                0x00000000       0x38 ..\obj\stm32f4xx_usart.o
 .text.USART_LINCmd
                0x00000000       0x40 ..\obj\stm32f4xx_usart.o
 .text.USART_SendBreak
                0x00000000       0x24 ..\obj\stm32f4xx_usart.o
 .text.USART_HalfDuplexCmd
                0x00000000       0x40 ..\obj\stm32f4xx_usart.o
 .text.USART_SetGuardTime
                0x00000000       0x3c ..\obj\stm32f4xx_usart.o
 .text.USART_SmartCardCmd
                0x00000000       0x40 ..\obj\stm32f4xx_usart.o
 .text.USART_SmartCardNACKCmd
                0x00000000       0x40 ..\obj\stm32f4xx_usart.o
 .text.USART_IrDAConfig
                0x00000000       0x38 ..\obj\stm32f4xx_usart.o
 .text.USART_IrDACmd
                0x00000000       0x40 ..\obj\stm32f4xx_usart.o
 .text.USART_DMACmd
                0x00000000       0x48 ..\obj\stm32f4xx_usart.o
 .text.USART_ITConfig
                0x00000000       0x90 ..\obj\stm32f4xx_usart.o
 .text.USART_GetITStatus
                0x00000000       0xb0 ..\obj\stm32f4xx_usart.o
 .text.USART_ClearITPendingBit
                0x00000000       0x38 ..\obj\stm32f4xx_usart.o
 .text          0x00000000        0x0 ..\obj\startup_stm32f4xx.o
 .data          0x00000000        0x0 ..\obj\startup_stm32f4xx.o
 .bss           0x00000000        0x0 ..\obj\startup_stm32f4xx.o
 .text          0x00000000        0x0 ..\obj\main.o
 .text          0x00000000        0x0 ..\obj\stm32f4xx_rcc.o
 .bss           0x00000000        0x0 ..\obj\stm32f4xx_rcc.o
 .text.RCC_DeInit
                0x00000000       0x50 ..\obj\stm32f4xx_rcc.o
 .text.RCC_HSEConfig
                0x00000000       0x24 ..\obj\stm32f4xx_rcc.o
 .text.RCC_WaitForHSEStartUp
                0x00000000       0x50 ..\obj\stm32f4xx_rcc.o
 .text.RCC_AdjustHSICalibrationValue
                0x00000000       0x3c ..\obj\stm32f4xx_rcc.o
 .text.RCC_HSICmd
                0x00000000       0x20 ..\obj\stm32f4xx_rcc.o
 .text.RCC_LSEConfig
                0x00000000       0x40 ..\obj\stm32f4xx_rcc.o
 .text.RCC_LSICmd
                0x00000000       0x20 ..\obj\stm32f4xx_rcc.o
 .text.RCC_PLLConfig
                0x00000000       0x3c ..\obj\stm32f4xx_rcc.o
 .text.RCC_PLLCmd
                0x00000000       0x20 ..\obj\stm32f4xx_rcc.o
 .text.RCC_PLLI2SConfig
                0x00000000       0x28 ..\obj\stm32f4xx_rcc.o
 .text.RCC_PLLI2SCmd
                0x00000000       0x20 ..\obj\stm32f4xx_rcc.o
 .text.RCC_ClockSecuritySystemCmd
                0x00000000       0x20 ..\obj\stm32f4xx_rcc.o
 .text.RCC_MCO1Config
                0x00000000       0x3c ..\obj\stm32f4xx_rcc.o
 .text.RCC_MCO2Config
                0x00000000       0x3c ..\obj\stm32f4xx_rcc.o
 .text.RCC_SYSCLKConfig
                0x00000000       0x38 ..\obj\stm32f4xx_rcc.o
 .text.RCC_GetSYSCLKSource
                0x00000000       0x20 ..\obj\stm32f4xx_rcc.o
 .text.RCC_HCLKConfig
                0x00000000       0x38 ..\obj\stm32f4xx_rcc.o
 .text.RCC_PCLK1Config
                0x00000000       0x38 ..\obj\stm32f4xx_rcc.o
 .text.RCC_PCLK2Config
                0x00000000       0x38 ..\obj\stm32f4xx_rcc.o
 .text.RCC_RTCCLKConfig
                0x00000000       0x5c ..\obj\stm32f4xx_rcc.o
 .text.RCC_RTCCLKCmd
                0x00000000       0x20 ..\obj\stm32f4xx_rcc.o
 .text.RCC_BackupResetCmd
                0x00000000       0x20 ..\obj\stm32f4xx_rcc.o
 .text.RCC_I2SCLKConfig
                0x00000000       0x1c ..\obj\stm32f4xx_rcc.o
 .text.RCC_AHB2PeriphClockCmd
                0x00000000       0x3c ..\obj\stm32f4xx_rcc.o
 .text.RCC_AHB3PeriphClockCmd
                0x00000000       0x3c ..\obj\stm32f4xx_rcc.o
 .text.RCC_APB2PeriphClockCmd
                0x00000000       0x3c ..\obj\stm32f4xx_rcc.o
 .text.RCC_AHB1PeriphResetCmd
                0x00000000       0x3c ..\obj\stm32f4xx_rcc.o
 .text.RCC_AHB2PeriphResetCmd
                0x00000000       0x3c ..\obj\stm32f4xx_rcc.o
 .text.RCC_AHB3PeriphResetCmd
                0x00000000       0x3c ..\obj\stm32f4xx_rcc.o
 .text.RCC_APB1PeriphResetCmd
                0x00000000       0x3c ..\obj\stm32f4xx_rcc.o
 .text.RCC_APB2PeriphResetCmd
                0x00000000       0x3c ..\obj\stm32f4xx_rcc.o
 .text.RCC_AHB1PeriphClockLPModeCmd
                0x00000000       0x3c ..\obj\stm32f4xx_rcc.o
 .text.RCC_AHB2PeriphClockLPModeCmd
                0x00000000       0x3c ..\obj\stm32f4xx_rcc.o
 .text.RCC_AHB3PeriphClockLPModeCmd
                0x00000000       0x3c ..\obj\stm32f4xx_rcc.o
 .text.RCC_APB1PeriphClockLPModeCmd
                0x00000000       0x3c ..\obj\stm32f4xx_rcc.o
 .text.RCC_APB2PeriphClockLPModeCmd
                0x00000000       0x3c ..\obj\stm32f4xx_rcc.o
 .text.RCC_ITConfig
                0x00000000       0x48 ..\obj\stm32f4xx_rcc.o
 .text.RCC_GetFlagStatus
                0x00000000       0x74 ..\obj\stm32f4xx_rcc.o
 .text.RCC_ClearFlag
                0x00000000       0x1c ..\obj\stm32f4xx_rcc.o
 .text.RCC_GetITStatus
                0x00000000       0x38 ..\obj\stm32f4xx_rcc.o
 .text.RCC_ClearITPendingBit
                0x00000000       0x20 ..\obj\stm32f4xx_rcc.o
 .text          0x00000000        0x0 ..\obj\stm32f4xx_gpio.o
 .data          0x00000000        0x0 ..\obj\stm32f4xx_gpio.o
 .bss           0x00000000        0x0 ..\obj\stm32f4xx_gpio.o
 .text.GPIO_DeInit
                0x00000000      0x120 ..\obj\stm32f4xx_gpio.o
 .text.GPIO_StructInit
                0x00000000       0x34 ..\obj\stm32f4xx_gpio.o
 .text.GPIO_PinLockConfig
                0x00000000       0x44 ..\obj\stm32f4xx_gpio.o
 .text.GPIO_ReadInputData
                0x00000000       0x1c ..\obj\stm32f4xx_gpio.o
 .text.GPIO_ReadOutputDataBit
                0x00000000       0x34 ..\obj\stm32f4xx_gpio.o
 .text.GPIO_ReadOutputData
                0x00000000       0x1c ..\obj\stm32f4xx_gpio.o
 .text.GPIO_WriteBit
                0x00000000       0x30 ..\obj\stm32f4xx_gpio.o
 .text.GPIO_Write
                0x00000000       0x1c ..\obj\stm32f4xx_gpio.o
 .text.GPIO_ToggleBits
                0x00000000       0x24 ..\obj\stm32f4xx_gpio.o
 .text          0x00000000        0x0 ..\obj\system_stm32f4xx.o
 .data          0x00000000       0x14 ..\obj\system_stm32f4xx.o
 .bss           0x00000000        0x0 ..\obj\system_stm32f4xx.o
 .text.SystemInit
                0x00000000       0x58 ..\obj\system_stm32f4xx.o
 .text.SystemCoreClockUpdate
                0x00000000       0xf8 ..\obj\system_stm32f4xx.o
 .text.SetSysClock
                0x00000000       0xf4 ..\obj\system_stm32f4xx.o
 .debug_info    0x00000000      0x566 ..\obj\system_stm32f4xx.o
 .debug_abbrev  0x00000000      0x136 ..\obj\system_stm32f4xx.o
 .debug_aranges
                0x00000000       0x30 ..\obj\system_stm32f4xx.o
 .debug_ranges  0x00000000       0x20 ..\obj\system_stm32f4xx.o
 .debug_line    0x00000000      0x178 ..\obj\system_stm32f4xx.o
 .debug_str     0x00000000      0x382 ..\obj\system_stm32f4xx.o
 .comment       0x00000000       0x71 ..\obj\system_stm32f4xx.o
 .ARM.attributes
                0x00000000       0x33 ..\obj\system_stm32f4xx.o
 .debug_frame   0x00000000       0x64 ..\obj\system_stm32f4xx.o
 .text          0x00000000        0x0 ..\obj\misc.o
 .data          0x00000000        0x0 ..\obj\misc.o
 .bss           0x00000000        0x0 ..\obj\misc.o
 .text.NVIC_PriorityGroupConfig
                0x00000000       0x24 ..\obj\misc.o
 .text.NVIC_Init
                0x00000000       0xbc ..\obj\misc.o
 .text.NVIC_SetVectorTable
                0x00000000       0x2c ..\obj\misc.o
 .text.NVIC_SystemLPConfig
                0x00000000       0x40 ..\obj\misc.o
 .text.SysTick_CLKSourceConfig
                0x00000000       0x38 ..\obj\misc.o
 .debug_info    0x00000000      0x51c ..\obj\misc.o
 .debug_abbrev  0x00000000      0x145 ..\obj\misc.o
 .debug_aranges
                0x00000000       0x40 ..\obj\misc.o
 .debug_ranges  0x00000000       0x30 ..\obj\misc.o
 .debug_line    0x00000000      0x1da ..\obj\misc.o
 .debug_str     0x00000000      0x3b1 ..\obj\misc.o
 .comment       0x00000000       0x71 ..\obj\misc.o
 .ARM.attributes
                0x00000000       0x33 ..\obj\misc.o
 .debug_frame   0x00000000       0x9c ..\obj\misc.o
 .text          0x00000000        0x0 ..\obj\stm32f4xx_tim.o
 .data          0x00000000        0x0 ..\obj\stm32f4xx_tim.o
 .bss           0x00000000        0x0 ..\obj\stm32f4xx_tim.o
 .text.TIM_DeInit
                0x00000000      0x1bc ..\obj\stm32f4xx_tim.o
 .text.TIM_TimeBaseStructInit
                0x00000000       0x34 ..\obj\stm32f4xx_tim.o
 .text.TIM_PrescalerConfig
                0x00000000       0x28 ..\obj\stm32f4xx_tim.o
 .text.TIM_CounterModeConfig
                0x00000000       0x38 ..\obj\stm32f4xx_tim.o
 .text.TIM_SetCounter
                0x00000000       0x1c ..\obj\stm32f4xx_tim.o
 .text.TIM_SetAutoreload
                0x00000000       0x1c ..\obj\stm32f4xx_tim.o
 .text.TIM_GetCounter
                0x00000000       0x18 ..\obj\stm32f4xx_tim.o
 .text.TIM_GetPrescaler
                0x00000000       0x1c ..\obj\stm32f4xx_tim.o
 .text.TIM_UpdateDisableConfig
                0x00000000       0x40 ..\obj\stm32f4xx_tim.o
 .text.TIM_UpdateRequestConfig
                0x00000000       0x40 ..\obj\stm32f4xx_tim.o
 .text.TIM_SelectOnePulseMode
                0x00000000       0x38 ..\obj\stm32f4xx_tim.o
 .text.TIM_SetClockDivision
                0x00000000       0x38 ..\obj\stm32f4xx_tim.o
 .text.TIM_OCStructInit
                0x00000000       0x44 ..\obj\stm32f4xx_tim.o
 .text.TIM_SelectOCxM
                0x00000000       0xac ..\obj\stm32f4xx_tim.o
 .text.TIM_SetCompare1
                0x00000000       0x1c ..\obj\stm32f4xx_tim.o
 .text.TIM_SetCompare2
                0x00000000       0x1c ..\obj\stm32f4xx_tim.o
 .text.TIM_SetCompare3
                0x00000000       0x1c ..\obj\stm32f4xx_tim.o
 .text.TIM_SetCompare4
                0x00000000       0x1c ..\obj\stm32f4xx_tim.o
 .text.TIM_ForcedOC1Config
                0x00000000       0x38 ..\obj\stm32f4xx_tim.o
 .text.TIM_ForcedOC2Config
                0x00000000       0x3c ..\obj\stm32f4xx_tim.o
 .text.TIM_ForcedOC3Config
                0x00000000       0x38 ..\obj\stm32f4xx_tim.o
 .text.TIM_ForcedOC4Config
                0x00000000       0x3c ..\obj\stm32f4xx_tim.o
 .text.TIM_OC1FastConfig
                0x00000000       0x38 ..\obj\stm32f4xx_tim.o
 .text.TIM_OC2FastConfig
                0x00000000       0x3c ..\obj\stm32f4xx_tim.o
 .text.TIM_OC3FastConfig
                0x00000000       0x38 ..\obj\stm32f4xx_tim.o
 .text.TIM_OC4FastConfig
                0x00000000       0x3c ..\obj\stm32f4xx_tim.o
 .text.TIM_ClearOC1Ref
                0x00000000       0x38 ..\obj\stm32f4xx_tim.o
 .text.TIM_ClearOC2Ref
                0x00000000       0x3c ..\obj\stm32f4xx_tim.o
 .text.TIM_ClearOC3Ref
                0x00000000       0x38 ..\obj\stm32f4xx_tim.o
 .text.TIM_ClearOC4Ref
                0x00000000       0x3c ..\obj\stm32f4xx_tim.o
 .text.TIM_OC1PolarityConfig
                0x00000000       0x38 ..\obj\stm32f4xx_tim.o
 .text.TIM_OC1NPolarityConfig
                0x00000000       0x38 ..\obj\stm32f4xx_tim.o
 .text.TIM_OC2PolarityConfig
                0x00000000       0x3c ..\obj\stm32f4xx_tim.o
 .text.TIM_OC2NPolarityConfig
                0x00000000       0x3c ..\obj\stm32f4xx_tim.o
 .text.TIM_OC3PolarityConfig
                0x00000000       0x3c ..\obj\stm32f4xx_tim.o
 .text.TIM_OC3NPolarityConfig
                0x00000000       0x3c ..\obj\stm32f4xx_tim.o
 .text.TIM_OC4PolarityConfig
                0x00000000       0x3c ..\obj\stm32f4xx_tim.o
 .text.TIM_CCxCmd
                0x00000000       0x54 ..\obj\stm32f4xx_tim.o
 .text.TIM_CCxNCmd
                0x00000000       0x54 ..\obj\stm32f4xx_tim.o
 .text.TIM_ICInit
                0x00000000       0xa8 ..\obj\stm32f4xx_tim.o
 .text.TIM_ICStructInit
                0x00000000       0x30 ..\obj\stm32f4xx_tim.o
 .text.TIM_PWMIConfig
                0x00000000       0xb8 ..\obj\stm32f4xx_tim.o
 .text.TIM_GetCapture1
                0x00000000       0x18 ..\obj\stm32f4xx_tim.o
 .text.TIM_GetCapture2
                0x00000000       0x18 ..\obj\stm32f4xx_tim.o
 .text.TIM_GetCapture3
                0x00000000       0x18 ..\obj\stm32f4xx_tim.o
 .text.TIM_GetCapture4
                0x00000000       0x18 ..\obj\stm32f4xx_tim.o
 .text.TIM_SetIC1Prescaler
                0x00000000       0x38 ..\obj\stm32f4xx_tim.o
 .text.TIM_SetIC2Prescaler
                0x00000000       0x3c ..\obj\stm32f4xx_tim.o
 .text.TIM_SetIC3Prescaler
                0x00000000       0x38 ..\obj\stm32f4xx_tim.o
 .text.TIM_SetIC4Prescaler
                0x00000000       0x3c ..\obj\stm32f4xx_tim.o
 .text.TIM_BDTRConfig
                0x00000000       0x50 ..\obj\stm32f4xx_tim.o
 .text.TIM_BDTRStructInit
                0x00000000       0x3c ..\obj\stm32f4xx_tim.o
 .text.TIM_CtrlPWMOutputs
                0x00000000       0x4c ..\obj\stm32f4xx_tim.o
 .text.TIM_SelectCOM
                0x00000000       0x40 ..\obj\stm32f4xx_tim.o
 .text.TIM_CCPreloadControl
                0x00000000       0x40 ..\obj\stm32f4xx_tim.o
 .text.TIM_ITConfig
                0x00000000       0x48 ..\obj\stm32f4xx_tim.o
 .text.TIM_GenerateEvent
                0x00000000       0x1c ..\obj\stm32f4xx_tim.o
 .text.TIM_GetFlagStatus
                0x00000000       0x38 ..\obj\stm32f4xx_tim.o
 .text.TIM_ClearFlag
                0x00000000       0x20 ..\obj\stm32f4xx_tim.o
 .text.TIM_GetITStatus
                0x00000000       0x54 ..\obj\stm32f4xx_tim.o
 .text.TIM_ClearITPendingBit
                0x00000000       0x20 ..\obj\stm32f4xx_tim.o
 .text.TIM_DMAConfig
                0x00000000       0x28 ..\obj\stm32f4xx_tim.o
 .text.TIM_DMACmd
                0x00000000       0x48 ..\obj\stm32f4xx_tim.o
 .text.TIM_SelectCCDMA
                0x00000000       0x40 ..\obj\stm32f4xx_tim.o
 .text.TIM_InternalClockConfig
                0x00000000       0x24 ..\obj\stm32f4xx_tim.o
 .text.TIM_ITRxExternalClockConfig
                0x00000000       0x2c ..\obj\stm32f4xx_tim.o
 .text.TIM_TIxExternalClockConfig
                0x00000000       0x54 ..\obj\stm32f4xx_tim.o
 .text.TIM_ETRClockMode1Config
                0x00000000       0x50 ..\obj\stm32f4xx_tim.o
 .text.TIM_ETRClockMode2Config
                0x00000000       0x30 ..\obj\stm32f4xx_tim.o
 .text.TIM_SelectInputTrigger
                0x00000000       0x38 ..\obj\stm32f4xx_tim.o
 .text.TIM_SelectOutputTrigger
                0x00000000       0x38 ..\obj\stm32f4xx_tim.o
 .text.TIM_SelectSlaveMode
                0x00000000       0x38 ..\obj\stm32f4xx_tim.o
 .text.TIM_SelectMasterSlaveMode
                0x00000000       0x38 ..\obj\stm32f4xx_tim.o
 .text.TIM_ETRConfig
                0x00000000       0x48 ..\obj\stm32f4xx_tim.o
 .text.TIM_EncoderInterfaceConfig
                0x00000000       0x8c ..\obj\stm32f4xx_tim.o
 .text.TIM_SelectHallSensor
                0x00000000       0x40 ..\obj\stm32f4xx_tim.o
 .text.TIM_RemapConfig
                0x00000000       0x20 ..\obj\stm32f4xx_tim.o
 .text.TI1_Config
                0x00000000       0x78 ..\obj\stm32f4xx_tim.o
 .text.TI2_Config
                0x00000000       0x8c ..\obj\stm32f4xx_tim.o
 .text.TI3_Config
                0x00000000       0x84 ..\obj\stm32f4xx_tim.o
 .text.TI4_Config
                0x00000000       0x90 ..\obj\stm32f4xx_tim.o

Memory Configuration

Name             Origin             Length             Attributes
rom              0x08000000         0x00100000         xr
ram              0x20000000         0x00020000         xrw
ram1             0x10000000         0x00010000         xrw
*default*        0x00000000         0xffffffff

Linker script and memory map

                0x20020000                _eram = 0x20020000

.text           0x08000000     0x1910
 *(.isr_vector .isr_vector.*)
 .isr_vector    0x08000000      0x188 ..\obj\startup_stm32f4xx.o
                0x08000000                g_pfnVectors
 *(.text .text.* .gnu.linkonce.t.*)
 .text.USART_Init
                0x08000188      0x174 ..\obj\stm32f4xx_usart.o
                0x08000188                USART_Init
 .text.USART_Cmd
                0x080002fc       0x40 ..\obj\stm32f4xx_usart.o
                0x080002fc                USART_Cmd
 .text.USART_ReceiveData
                0x0800033c       0x20 ..\obj\stm32f4xx_usart.o
                0x0800033c                USART_ReceiveData
 .text.USART_GetFlagStatus
                0x0800035c       0x38 ..\obj\stm32f4xx_usart.o
                0x0800035c                USART_GetFlagStatus
 .text.USART_ClearFlag
                0x08000394       0x20 ..\obj\stm32f4xx_usart.o
                0x08000394                USART_ClearFlag
 .text.Default_Reset_Handler
                0x080003b4       0x5c ..\obj\startup_stm32f4xx.o
                0x080003b4                Default_Reset_Handler
                0x080003b4                Reset_Handler
 .text.Default_Handler
                0x08000410        0x8 ..\obj\startup_stm32f4xx.o
                0x08000410                RTC_Alarm_IRQHandler
                0x08000410                HASH_RNG_IRQHandler
                0x08000410                EXTI2_IRQHandler
                0x08000410                TIM8_CC_IRQHandler
                0x08000410                DebugMon_Handler
                0x08000410                TIM1_CC_IRQHandler
                0x08000410                DMA2_Stream5_IRQHandler
                0x08000410                HardFault_Handler
                0x08000410                DMA1_Stream5_IRQHandler
                0x08000410                SysTick_Handler
                0x08000410                PVD_IRQHandler
                0x08000410                SDIO_IRQHandler
                0x08000410                TAMP_STAMP_IRQHandler
                0x08000410                PendSV_Handler
                0x08000410                NMI_Handler
                0x08000410                CAN2_RX1_IRQHandler
                0x08000410                EXTI3_IRQHandler
                0x08000410                TIM8_TRG_COM_TIM14_IRQHandler
                0x08000410                TIM1_UP_TIM10_IRQHandler
                0x08000410                TIM8_UP_TIM13_IRQHandler
                0x08000410                I2C3_ER_IRQHandler
                0x08000410                EXTI0_IRQHandler
                0x08000410                I2C2_EV_IRQHandler
                0x08000410                DMA1_Stream2_IRQHandler
                0x08000410                CAN1_RX0_IRQHandler
                0x08000410                FPU_IRQHandler
                0x08000410                OTG_HS_WKUP_IRQHandler
                0x08000410                UsageFault_Handler
                0x08000410                CAN2_SCE_IRQHandler
                0x08000410                DMA2_Stream2_IRQHandler
                0x08000410                SPI1_IRQHandler
                0x08000410                TIM6_DAC_IRQHandler
                0x08000410                TIM1_BRK_TIM9_IRQHandler
                0x08000410                DCMI_IRQHandler
                0x08000410                CAN2_RX0_IRQHandler
                0x08000410                DMA2_Stream3_IRQHandler
                0x08000410                USART6_IRQHandler
                0x08000410                USART3_IRQHandler
                0x08000410                CRYP_IRQHandler
                0x08000410                CAN1_RX1_IRQHandler
                0x08000410                UART5_IRQHandler
                0x08000410                DMA2_Stream0_IRQHandler
                0x08000410                TIM4_IRQHandler
                0x08000410                I2C1_EV_IRQHandler
                0x08000410                DMA1_Stream6_IRQHandler
                0x08000410                DMA1_Stream1_IRQHandler
                0x08000410                UART4_IRQHandler
                0x08000410                TIM3_IRQHandler
                0x08000410                RCC_IRQHandler
                0x08000410                TIM8_BRK_TIM12_IRQHandler
                0x08000410                EXTI15_10_IRQHandler
                0x08000410                ADC_IRQHandler
                0x08000410                DMA1_Stream7_IRQHandler
                0x08000410                TIM7_IRQHandler
                0x08000410                CAN2_TX_IRQHandler
                0x08000410                TIM5_IRQHandler
                0x08000410                DMA2_Stream7_IRQHandler
                0x08000410                I2C3_EV_IRQHandler
                0x08000410                EXTI9_5_IRQHandler
                0x08000410                RTC_WKUP_IRQHandler
                0x08000410                ETH_WKUP_IRQHandler
                0x08000410                SPI2_IRQHandler
                0x08000410                OTG_HS_EP1_IN_IRQHandler
                0x08000410                MemManage_Handler
                0x08000410                DMA1_Stream0_IRQHandler
                0x08000410                CAN1_TX_IRQHandler
                0x08000410                SVC_Handler
                0x08000410                EXTI4_IRQHandler
                0x08000410                FSMC_IRQHandler
                0x08000410                ETH_IRQHandler
                0x08000410                OTG_HS_EP1_OUT_IRQHandler
                0x08000410                WWDG_IRQHandler
                0x08000410                TIM2_IRQHandler
                0x08000410                OTG_FS_WKUP_IRQHandler
                0x08000410                TIM1_TRG_COM_TIM11_IRQHandler
                0x08000410                OTG_HS_IRQHandler
                0x08000410                EXTI1_IRQHandler
                0x08000410                USART2_IRQHandler
                0x08000410                I2C2_ER_IRQHandler
                0x08000410                DMA2_Stream1_IRQHandler
                0x08000410                CAN1_SCE_IRQHandler
                0x08000410                FLASH_IRQHandler
                0x08000410                DMA2_Stream4_IRQHandler
                0x08000410                BusFault_Handler
                0x08000410                USART1_IRQHandler
                0x08000410                OTG_FS_IRQHandler
                0x08000410                SPI3_IRQHandler
                0x08000410                DMA1_Stream4_IRQHandler
                0x08000410                I2C1_ER_IRQHandler
                0x08000410                DMA2_Stream6_IRQHandler
                0x08000410                DMA1_Stream3_IRQHandler
 .text.init_kicker
                0x08000418       0x38 ..\obj\main.o
                0x08000418                init_kicker
 .text.init_botid
                0x08000450       0xa0 ..\obj\main.o
                0x08000450                init_botid
 .text.GPIOLED_TEST
                0x080004f0       0x38 ..\obj\main.o
                0x080004f0                GPIOLED_TEST
 .text.GPIOB_Motors
                0x08000528       0x38 ..\obj\main.o
                0x08000528                GPIOB_Motors
 .text.GPIOE_Motors
                0x08000560       0x38 ..\obj\main.o
                0x08000560                GPIOE_Motors
 .text.setFWDbit
                0x08000598       0xf0 ..\obj\main.o
                0x08000598                setFWDbit
 .text.setBKDbit
                0x08000688       0xf4 ..\obj\main.o
                0x08000688                setBKDbit
 .text.pwmToWheels_init
                0x0800077c      0x110 ..\obj\main.o
                0x0800077c                pwmToWheels_init
 .text.pwmToWheels_set
                0x0800088c       0x58 ..\obj\main.o
                0x0800088c                pwmToWheels_set
 .text.pwmToDribbler_init
                0x080008e4       0xbc ..\obj\main.o
                0x080008e4                pwmToDribbler_init
 .text.pwmToDribbler_set
                0x080009a0       0x1c ..\obj\main.o
                0x080009a0                pwmToDribbler_set
 .text.usart    0x080009bc       0x80 ..\obj\main.o
                0x080009bc                usart
 .text.kicker   0x08000a3c       0x50 ..\obj\main.o
                0x08000a3c                kicker
 .text.dribblerrun
                0x08000a8c       0x1c ..\obj\main.o
                0x08000a8c                dribblerrun
 .text.main     0x08000aa8      0x470 ..\obj\main.o
                0x08000aa8                main
 .text.RCC_GetClocksFreq
                0x08000f18      0x154 ..\obj\stm32f4xx_rcc.o
                0x08000f18                RCC_GetClocksFreq
 .text.RCC_AHB1PeriphClockCmd
                0x0800106c       0x3c ..\obj\stm32f4xx_rcc.o
                0x0800106c                RCC_AHB1PeriphClockCmd
 .text.RCC_APB1PeriphClockCmd
                0x080010a8       0x3c ..\obj\stm32f4xx_rcc.o
                0x080010a8                RCC_APB1PeriphClockCmd
 .text.GPIO_Init
                0x080010e4      0x11c ..\obj\stm32f4xx_gpio.o
                0x080010e4                GPIO_Init
 .text.GPIO_ReadInputDataBit
                0x08001200       0x34 ..\obj\stm32f4xx_gpio.o
                0x08001200                GPIO_ReadInputDataBit
 .text.GPIO_SetBits
                0x08001234       0x1c ..\obj\stm32f4xx_gpio.o
                0x08001234                GPIO_SetBits
 .text.GPIO_ResetBits
                0x08001250       0x1c ..\obj\stm32f4xx_gpio.o
                0x08001250                GPIO_ResetBits
 .text.GPIO_PinAFConfig
                0x0800126c       0x8c ..\obj\stm32f4xx_gpio.o
                0x0800126c                GPIO_PinAFConfig
 .text.TIM_TimeBaseInit
                0x080012f8       0xd4 ..\obj\stm32f4xx_tim.o
                0x080012f8                TIM_TimeBaseInit
 .text.TIM_ARRPreloadConfig
                0x080013cc       0x40 ..\obj\stm32f4xx_tim.o
                0x080013cc                TIM_ARRPreloadConfig
 .text.TIM_Cmd  0x0800140c       0x40 ..\obj\stm32f4xx_tim.o
                0x0800140c                TIM_Cmd
 .text.TIM_OC1Init
                0x0800144c       0xf4 ..\obj\stm32f4xx_tim.o
                0x0800144c                TIM_OC1Init
 .text.TIM_OC2Init
                0x08001540      0x110 ..\obj\stm32f4xx_tim.o
                0x08001540                TIM_OC2Init
 .text.TIM_OC3Init
                0x08001650      0x10c ..\obj\stm32f4xx_tim.o
                0x08001650                TIM_OC3Init
 .text.TIM_OC4Init
                0x0800175c       0xcc ..\obj\stm32f4xx_tim.o
                0x0800175c                TIM_OC4Init
 .text.TIM_OC1PreloadConfig
                0x08001828       0x38 ..\obj\stm32f4xx_tim.o
                0x08001828                TIM_OC1PreloadConfig
 .text.TIM_OC2PreloadConfig
                0x08001860       0x3c ..\obj\stm32f4xx_tim.o
                0x08001860                TIM_OC2PreloadConfig
 .text.TIM_OC3PreloadConfig
                0x0800189c       0x38 ..\obj\stm32f4xx_tim.o
                0x0800189c                TIM_OC3PreloadConfig
 .text.TIM_OC4PreloadConfig
                0x080018d4       0x3c ..\obj\stm32f4xx_tim.o
                0x080018d4                TIM_OC4PreloadConfig
 *(.glue_7t)
 .glue_7t       0x00000000        0x0 linker stubs
 *(.glue_7)
 .glue_7        0x00000000        0x0 linker stubs
 *(.rodata .rodata* .gnu.linkonce.r.*)

.vfp11_veneer   0x08001910        0x0
 .vfp11_veneer  0x00000000        0x0 linker stubs

.v4_bx          0x08001910        0x0
 .v4_bx         0x00000000        0x0 linker stubs

.iplt           0x08001910        0x0
 .iplt          0x00000000        0x0 ..\obj\stm32f4xx_usart.o

.rel.dyn        0x08001910        0x0
 .rel.iplt      0x00000000        0x0 ..\obj\stm32f4xx_usart.o

.ARM.extab
 *(.ARM.extab* .gnu.linkonce.armextab.*)
                0x08001910                __exidx_start = .

.ARM.exidx
 *(.ARM.exidx* .gnu.linkonce.armexidx.*)
                0x08001910                __exidx_end = .
                0x08001910                . = ALIGN (0x4)
                0x08001910                _etext = .
                0x08001910                _sidata = .

.data           0x20000000       0x14 load address 0x08001910
                0x20000000                _sdata = .
 *(.data .data.*)
 .data          0x20000000        0x4 ..\obj\main.o
                0x20000000                j
 .data          0x20000004       0x10 ..\obj\stm32f4xx_rcc.o
                0x20000014                . = ALIGN (0x4)
                0x20000014                _edata = .

.igot.plt       0x20000014        0x0 load address 0x08001924
 .igot.plt      0x00000000        0x0 ..\obj\stm32f4xx_usart.o

.bss            0x20000014       0x84 load address 0x08001924
                0x20000014                _sbss = .
 *(.bss .bss.*)
 .bss           0x20000014       0x70 ..\obj\main.o
                0x20000014                velocity
                0x20000028                dribbler
                0x2000002c                i
                0x20000030                flag
                0x20000034                BotData
                0x20000054                count
                0x20000058                c
                0x2000005c                temp
                0x20000060                binaryNumber
                0x20000080                delay
 *(COMMON)
 COMMON         0x20000084       0x14 ..\obj\main.o
                0x20000084                x
                0x20000088                bot_id
                0x2000008c                pulse_l
                0x20000090                pwm
                0x20000094                duty
                0x20000098                . = ALIGN (0x4)
                0x20000098                _ebss = .

.co_stack       0x20000098      0x800 load address 0x080019a8
                0x20000098                . = ALIGN (0x8)
 *(.co_stack .co_stack.*)
 .co_stack      0x20000098      0x800 ..\obj\startup_stm32f4xx.o
                0x20000098                pulStack
                0x20000898                . = ALIGN (0x4)
                0x20000898                _end = .
LOAD ..\obj\stm32f4xx_usart.o
LOAD ..\obj\startup_stm32f4xx.o
LOAD ..\obj\main.o
LOAD ..\obj\stm32f4xx_rcc.o
LOAD ..\obj\stm32f4xx_gpio.o
LOAD ..\obj\system_stm32f4xx.o
LOAD ..\obj\misc.o
LOAD ..\obj\stm32f4xx_tim.o
START GROUP
LOAD d:/stm32f-krssg/gcc-arm-none-eabi/bin/../lib/gcc/arm-none-eabi/4.8.3/armv7e-m\libgcc.a
LOAD d:/stm32f-krssg/gcc-arm-none-eabi/bin/../lib/gcc/arm-none-eabi/4.8.3/../../../../arm-none-eabi/lib/armv7e-m\libg.a
LOAD d:/stm32f-krssg/gcc-arm-none-eabi/bin/../lib/gcc/arm-none-eabi/4.8.3/../../../../arm-none-eabi/lib/armv7e-m\libc.a
END GROUP
OUTPUT(USART_interrupt.elf elf32-littlearm)

.debug_info     0x00000000     0x428e
 .debug_info    0x00000000      0x996 ..\obj\stm32f4xx_usart.o
 .debug_info    0x00000996       0xed ..\obj\startup_stm32f4xx.o
 .debug_info    0x00000a83      0x9df ..\obj\main.o
 .debug_info    0x00001462      0xc21 ..\obj\stm32f4xx_rcc.o
 .debug_info    0x00002083      0x5d6 ..\obj\stm32f4xx_gpio.o
 .debug_info    0x00002659     0x1c35 ..\obj\stm32f4xx_tim.o

.debug_abbrev   0x00000000      0x8e5
 .debug_abbrev  0x00000000      0x155 ..\obj\stm32f4xx_usart.o
 .debug_abbrev  0x00000155       0xb0 ..\obj\startup_stm32f4xx.o
 .debug_abbrev  0x00000205      0x1d3 ..\obj\main.o
 .debug_abbrev  0x000003d8      0x1e3 ..\obj\stm32f4xx_rcc.o
 .debug_abbrev  0x000005bb      0x1a3 ..\obj\stm32f4xx_gpio.o
 .debug_abbrev  0x0000075e      0x187 ..\obj\stm32f4xx_tim.o

.debug_aranges  0x00000000      0x6b0
 .debug_aranges
                0x00000000      0x100 ..\obj\stm32f4xx_usart.o
 .debug_aranges
                0x00000100       0x28 ..\obj\startup_stm32f4xx.o
 .debug_aranges
                0x00000128       0x90 ..\obj\main.o
 .debug_aranges
                0x000001b8      0x178 ..\obj\stm32f4xx_rcc.o
 .debug_aranges
                0x00000330       0x88 ..\obj\stm32f4xx_gpio.o
 .debug_aranges
                0x000003b8      0x2f8 ..\obj\stm32f4xx_tim.o

.debug_ranges   0x00000000      0x650
 .debug_ranges  0x00000000       0xf0 ..\obj\stm32f4xx_usart.o
 .debug_ranges  0x000000f0       0x18 ..\obj\startup_stm32f4xx.o
 .debug_ranges  0x00000108       0x80 ..\obj\main.o
 .debug_ranges  0x00000188      0x168 ..\obj\stm32f4xx_rcc.o
 .debug_ranges  0x000002f0       0x78 ..\obj\stm32f4xx_gpio.o
 .debug_ranges  0x00000368      0x2e8 ..\obj\stm32f4xx_tim.o

.debug_line     0x00000000     0x1ae3
 .debug_line    0x00000000      0x437 ..\obj\stm32f4xx_usart.o
 .debug_line    0x00000437       0xa3 ..\obj\startup_stm32f4xx.o
 .debug_line    0x000004da      0x40c ..\obj\main.o
 .debug_line    0x000008e6      0x52f ..\obj\stm32f4xx_rcc.o
 .debug_line    0x00000e15      0x2d4 ..\obj\stm32f4xx_gpio.o
 .debug_line    0x000010e9      0x9fa ..\obj\stm32f4xx_tim.o

.debug_str      0x00000000     0x1ce1
 .debug_str     0x00000000      0x606 ..\obj\stm32f4xx_usart.o
                                0x667 (size before relaxing)
 .debug_str     0x00000606       0xb2 ..\obj\startup_stm32f4xx.o
                                0x149 (size before relaxing)
 .debug_str     0x000006b8      0x4a4 ..\obj\main.o
                                0x6ca (size before relaxing)
 .debug_str     0x00000b5c      0x5e5 ..\obj\stm32f4xx_rcc.o
                                0x828 (size before relaxing)
 .debug_str     0x00001141      0x1a0 ..\obj\stm32f4xx_gpio.o
                                0x47b (size before relaxing)
 .debug_str     0x000012e1      0xa00 ..\obj\stm32f4xx_tim.o
                                0xda8 (size before relaxing)

.comment        0x00000000       0x70
 .comment       0x00000000       0x70 ..\obj\stm32f4xx_usart.o
                                 0x71 (size before relaxing)
 .comment       0x00000000       0x71 ..\obj\startup_stm32f4xx.o
 .comment       0x00000000       0x71 ..\obj\main.o
 .comment       0x00000000       0x71 ..\obj\stm32f4xx_rcc.o
 .comment       0x00000000       0x71 ..\obj\stm32f4xx_gpio.o
 .comment       0x00000000       0x71 ..\obj\stm32f4xx_tim.o

.ARM.attributes
                0x00000000       0x33
 .ARM.attributes
                0x00000000       0x33 ..\obj\stm32f4xx_usart.o
 .ARM.attributes
                0x00000033       0x33 ..\obj\startup_stm32f4xx.o
 .ARM.attributes
                0x00000066       0x33 ..\obj\main.o
 .ARM.attributes
                0x00000099       0x33 ..\obj\stm32f4xx_rcc.o
 .ARM.attributes
                0x000000cc       0x33 ..\obj\stm32f4xx_gpio.o
 .ARM.attributes
                0x000000ff       0x33 ..\obj\stm32f4xx_tim.o

.debug_frame    0x00000000     0x1618
 .debug_frame   0x00000000      0x344 ..\obj\stm32f4xx_usart.o
 .debug_frame   0x00000344       0x48 ..\obj\startup_stm32f4xx.o
 .debug_frame   0x0000038c      0x1dc ..\obj\main.o
 .debug_frame   0x00000568      0x4d8 ..\obj\stm32f4xx_rcc.o
 .debug_frame   0x00000a40      0x19c ..\obj\stm32f4xx_gpio.o
 .debug_frame   0x00000bdc      0xa3c ..\obj\stm32f4xx_tim.o
